
> iglesia-eliasista-v2@0.0.1 build
> ng build

node.exe : [1m[33mOne or more browsers which are configured in the project's 
Browserslist configuration fall outside Angular's browser support for this 
version.
En C:\Program Files\nodejs\npm.ps1: 29 Carácter: 3
+   & $NODE_EXE $NPM_CLI_JS $args
+   ~~~~~~~~~~~~~~~~~~~~~~~~~~~~~
    + CategoryInfo          : NotSpecified: ([1m[33mOne or...r this version. 
   :String) [], RemoteException
    + FullyQualifiedErrorId : NativeCommandError
 
Unsupported browsers:
chrome 110, chrome 109, chrome 108, chrome 107, chrome 106, chrome 105, chrome 
104, chrome 103, chrome 102, chrome 101, chrome 100, chrome 99, chrome 98, 
chrome 97, chrome 96, chrome 95, chrome 94, chrome 93, chrome 92, chrome 91, 
chrome 90, chrome 89, chrome 88, chrome 87, chrome 86, chrome 85, chrome 84, 
chrome 83, chrome 81, chrome 80, chrome 79, edge 110, edge 109, edge 108, edge 
107, edge 106, edge 105, edge 104, edge 103, edge 102, edge 101, edge 100, 
edge 99, edge 98, edge 97, edge 96, edge 95, edge 94, edge 93, edge 92, edge 
91, edge 90, edge 89, edge 88, edge 87, edge 86, edge 85, edge 84, edge 83, 
edge 81, edge 80, edge 79, firefox 111, firefox 110, firefox 109, firefox 108, 
firefox 107, firefox 106, firefox 105, firefox 104, firefox 103, firefox 102, 
firefox 101, firefox 100, firefox 99, firefox 98, firefox 97, firefox 96, 
firefox 95, firefox 94, firefox 93, firefox 92, firefox 91, firefox 90, 
firefox 89, firefox 88, firefox 87, firefox 86, firefox 85, firefox 84, 
firefox 83, firefox 82, firefox 81, firefox 80, firefox 79, firefox 78, 
firefox 77, firefox 76, firefox 75, firefox 74, firefox 73, firefox 72, 
firefox 71, firefox 70, ios_saf 16.3, ios_saf 16.2, ios_saf 16.1, ios_saf 
16.0, ios_saf 15.6-15.8, ios_saf 15.5, ios_saf 15.4, ios_saf 15.2-15.3, 
ios_saf 15.0-15.1, ios_saf 14.5-14.8, ios_saf 14.0-14.4, safari 16.3, safari 
16.2, safari 16.1, safari 16.0, safari 15.6, safari 15.5, safari 15.4, safari 
15.2-15.3, safari 15.1, safari 15, safari 14.1, safari 14[39m[22m
- Generating browser application bundles (phase: setup)...
[32mÔ£ö[39m Browser application bundle generation complete.
[32mÔ£ö[39m Browser application bundle generation complete.
[1m[33m
Warning: C:/Users/Jesus/Desktop/IglesiaEliasistaApp-master/src/app/pages/coros/
coros.page.scss exceeded maximum budget. Budget 4.00 kB was not met by 2.54 kB 
with a total of 6.54 kB.

[39m[22m
[1m[31m
./src/app/app.module.ts:11:68-80 - Error: export 'AppComponent' (imported as 
'AppComponent') was not found in './app.component' (module has no exports)

./src/app/app.module.ts:16:14-26 - Error: export 'AppComponent' (imported as 
'AppComponent') was not found in './app.component' (module has no exports)

Error: [96mnode_modules/@angular/core/types/_discovery-chunk.d.ts[0m:[93m12
[0m:[93m86[0m - [91merror[0m[90m TS2307: [0mCannot find module 
'@angular/core/primitives/di' or its corresponding type declarations.

[7m12[0m import { Injector as Injector$1, InjectionToken as 
InjectionToken$1, NotFound } from '@angular/core/primitives/di';
[7m  [0m [91m                                                               
                      ~~~~~~~~~~~~~~~~~~~~~~~~~~~~~[0m


Error: [96mnode_modules/@angular/platform-browser/types/platform-browser.d.ts
[0m:[93m10[0m:[93m42[0m - [91merror[0m[90m TS2307: [0mCannot find 
module '@angular/common/http' or its corresponding type declarations.

[7m10[0m import { HttpTransferCacheOptions } from '@angular/common/http';
[7m  [0m [91m                                         
~~~~~~~~~~~~~~~~~~~~~~[0m


Error: [96mnode_modules/@ionic/core/dist/types/components.d.ts[0m:[93m3838[
0m:[93m15[0m - [91merror[0m[90m TS2320: [0mInterface 
'HTMLIonInputElement' cannot simultaneously extend types 'IonInput' and 
'HTMLStencilElement'.
  Named property 'autocorrect' of types 'IonInput' and 'HTMLStencilElement' 
are not identical.

[7m3838[0m     interface HTMLIonInputElement extends Components.IonInput, 
HTMLStencilElement {
[7m    [0m [91m              ~~~~~~~~~~~~~~~~~~~[0m


Error: [96mnode_modules/@ionic/core/dist/types/components.d.ts[0m:[93m4366[
0m:[93m15[0m - [91merror[0m[90m TS2320: [0mInterface 
'HTMLIonSearchbarElement' cannot simultaneously extend types 'IonSearchbar' 
and 'HTMLStencilElement'.
  Named property 'autocorrect' of types 'IonSearchbar' and 
'HTMLStencilElement' are not identical.

[7m4366[0m     interface HTMLIonSearchbarElement extends 
Components.IonSearchbar, HTMLStencilElement {
[7m    [0m [91m              ~~~~~~~~~~~~~~~~~~~~~~~[0m


Error: [96msrc/app/app.component.ts[0m:[93m1[0m:[93m75[0m - 
[91merror[0m[90m TS1127: [0mInvalid character.

[7m1[0m import { Component, CUSTOM_ELEMENTS_SCHEMA, OnInit } from 
'@angular/core';\nimport { CommonModule } from '@angular/common';\nimport { 
IonicModule } from '@ionic/angular';\nimport { RouterModule } from 
'@angular/router';\nimport { ThemeService } from 
'./services/theme.service';\n\n@Component({\n  selector: 'app-root',\n  
templateUrl: 'app.component.html',\n  styleUrls: ['app.component.scss'],\n  
standalone: true,\n  imports: [CommonModule, IonicModule, RouterModule],\n  
schemas: [CUSTOM_ELEMENTS_SCHEMA]\n})\nexport class AppComponent implements 
OnInit {\n\n  isDarkMode: boolean = false;\n\n  constructor(private 
themeService: ThemeService) {\n    this.isDarkMode = 
this.themeService.isDarkMode();\n  }\n\n  ngOnInit() {}\n\n  toggleDarkMode(): 
void {\n    this.themeService.toggle();\n    this.isDarkMode = 
this.themeService.isDarkMode();\n  }\n}
[7m [0m [91m                                                                
          [0m


Error: [96msrc/app/app.component.ts[0m:[93m1[0m:[93m76[0m - 
[91merror[0m[90m TS1435: [0mUnknown keyword or identifier. Did you mean 
'import'?

[7m1[0m import { Component, CUSTOM_ELEMENTS_SCHEMA, OnInit } from 
'@angular/core';\nimport { CommonModule } from '@angular/common';\nimport { 
IonicModule } from '@ionic/angular';\nimport { RouterModule } from 
'@angular/router';\nimport { ThemeService } from 
'./services/theme.service';\n\n@Component({\n  selector: 'app-root',\n  
templateUrl: 'app.component.html',\n  styleUrls: ['app.component.scss'],\n  
standalone: true,\n  imports: [CommonModule, IonicModule, RouterModule],\n  
schemas: [CUSTOM_ELEMENTS_SCHEMA]\n})\nexport class AppComponent implements 
OnInit {\n\n  isDarkMode: boolean = false;\n\n  constructor(private 
themeService: ThemeService) {\n    this.isDarkMode = 
this.themeService.isDarkMode();\n  }\n\n  ngOnInit() {}\n\n  toggleDarkMode(): 
void {\n    this.themeService.toggle();\n    this.isDarkMode = 
this.themeService.isDarkMode();\n  }\n}
[7m [0m [91m                                                                
           ~~~~~~~[0m


Error: [96msrc/app/app.component.ts[0m:[93m1[0m:[93m76[0m - 
[91merror[0m[90m TS2304: [0mCannot find name 'nimport'.

[7m1[0m import { Component, CUSTOM_ELEMENTS_SCHEMA, OnInit } from 
'@angular/core';\nimport { CommonModule } from '@angular/common';\nimport { 
IonicModule } from '@ionic/angular';\nimport { RouterModule } from 
'@angular/router';\nimport { ThemeService } from 
'./services/theme.service';\n\n@Component({\n  selector: 'app-root',\n  
templateUrl: 'app.component.html',\n  styleUrls: ['app.component.scss'],\n  
standalone: true,\n  imports: [CommonModule, IonicModule, RouterModule],\n  
schemas: [CUSTOM_ELEMENTS_SCHEMA]\n})\nexport class AppComponent implements 
OnInit {\n\n  isDarkMode: boolean = false;\n\n  constructor(private 
themeService: ThemeService) {\n    this.isDarkMode = 
this.themeService.isDarkMode();\n  }\n\n  ngOnInit() {}\n\n  toggleDarkMode(): 
void {\n    this.themeService.toggle();\n    this.isDarkMode = 
this.themeService.isDarkMode();\n  }\n}
[7m [0m [91m                                                                
           ~~~~~~~[0m


Error: [96msrc/app/app.component.ts[0m:[93m1[0m:[93m86[0m - 
[91merror[0m[90m TS2304: [0mCannot find name 'CommonModule'.

[7m1[0m import { Component, CUSTOM_ELEMENTS_SCHEMA, OnInit } from 
'@angular/core';\nimport { CommonModule } from '@angular/common';\nimport { 
IonicModule } from '@ionic/angular';\nimport { RouterModule } from 
'@angular/router';\nimport { ThemeService } from 
'./services/theme.service';\n\n@Component({\n  selector: 'app-root',\n  
templateUrl: 'app.component.html',\n  styleUrls: ['app.component.scss'],\n  
standalone: true,\n  imports: [CommonModule, IonicModule, RouterModule],\n  
schemas: [CUSTOM_ELEMENTS_SCHEMA]\n})\nexport class AppComponent implements 
OnInit {\n\n  isDarkMode: boolean = false;\n\n  constructor(private 
themeService: ThemeService) {\n    this.isDarkMode = 
this.themeService.isDarkMode();\n  }\n\n  ngOnInit() {}\n\n  toggleDarkMode(): 
void {\n    this.themeService.toggle();\n    this.isDarkMode = 
this.themeService.isDarkMode();\n  }\n}
[7m [0m [91m                                                                
                     ~~~~~~~~~~~~[0m


Error: [96msrc/app/app.component.ts[0m:[93m1[0m:[93m101[0m - 
[91merror[0m[90m TS1434: [0mUnexpected keyword or identifier.

[7m1[0m import { Component, CUSTOM_ELEMENTS_SCHEMA, OnInit } from 
'@angular/core';\nimport { CommonModule } from '@angular/common';\nimport { 
IonicModule } from '@ionic/angular';\nimport { RouterModule } from 
'@angular/router';\nimport { ThemeService } from 
'./services/theme.service';\n\n@Component({\n  selector: 'app-root',\n  
templateUrl: 'app.component.html',\n  styleUrls: ['app.component.scss'],\n  
standalone: true,\n  imports: [CommonModule, IonicModule, RouterModule],\n  
schemas: [CUSTOM_ELEMENTS_SCHEMA]\n})\nexport class AppComponent implements 
OnInit {\n\n  isDarkMode: boolean = false;\n\n  constructor(private 
themeService: ThemeService) {\n    this.isDarkMode = 
this.themeService.isDarkMode();\n  }\n\n  ngOnInit() {}\n\n  toggleDarkMode(): 
void {\n    this.themeService.toggle();\n    this.isDarkMode = 
this.themeService.isDarkMode();\n  }\n}
[7m [0m [91m                                                                
                                    ~~~~[0m


Error: [96msrc/app/app.component.ts[0m:[93m1[0m:[93m101[0m - 
[91merror[0m[90m TS2304: [0mCannot find name 'from'.

[7m1[0m import { Component, CUSTOM_ELEMENTS_SCHEMA, OnInit } from 
'@angular/core';\nimport { CommonModule } from '@angular/common';\nimport { 
IonicModule } from '@ionic/angular';\nimport { RouterModule } from 
'@angular/router';\nimport { ThemeService } from 
'./services/theme.service';\n\n@Component({\n  selector: 'app-root',\n  
templateUrl: 'app.component.html',\n  styleUrls: ['app.component.scss'],\n  
standalone: true,\n  imports: [CommonModule, IonicModule, RouterModule],\n  
schemas: [CUSTOM_ELEMENTS_SCHEMA]\n})\nexport class AppComponent implements 
OnInit {\n\n  isDarkMode: boolean = false;\n\n  constructor(private 
themeService: ThemeService) {\n    this.isDarkMode = 
this.themeService.isDarkMode();\n  }\n\n  ngOnInit() {}\n\n  toggleDarkMode(): 
void {\n    this.themeService.toggle();\n    this.isDarkMode = 
this.themeService.isDarkMode();\n  }\n}
[7m [0m [91m                                                                
                                    ~~~~[0m


Error: [96msrc/app/app.component.ts[0m:[93m1[0m:[93m124[0m - 
[91merror[0m[90m TS1127: [0mInvalid character.

[7m1[0m import { Component, CUSTOM_ELEMENTS_SCHEMA, OnInit } from 
'@angular/core';\nimport { CommonModule } from '@angular/common';\nimport { 
IonicModule } from '@ionic/angular';\nimport { RouterModule } from 
'@angular/router';\nimport { ThemeService } from 
'./services/theme.service';\n\n@Component({\n  selector: 'app-root',\n  
templateUrl: 'app.component.html',\n  styleUrls: ['app.component.scss'],\n  
standalone: true,\n  imports: [CommonModule, IonicModule, RouterModule],\n  
schemas: [CUSTOM_ELEMENTS_SCHEMA]\n})\nexport class AppComponent implements 
OnInit {\n\n  isDarkMode: boolean = false;\n\n  constructor(private 
themeService: ThemeService) {\n    this.isDarkMode = 
this.themeService.isDarkMode();\n  }\n\n  ngOnInit() {}\n\n  toggleDarkMode(): 
void {\n    this.themeService.toggle();\n    this.isDarkMode = 
this.themeService.isDarkMode();\n  }\n}
[7m [0m [91m                                                                
                                                           [0m


Error: [96msrc/app/app.component.ts[0m:[93m1[0m:[93m125[0m - 
[91merror[0m[90m TS1435: [0mUnknown keyword or identifier. Did you mean 
'import'?

[7m1[0m import { Component, CUSTOM_ELEMENTS_SCHEMA, OnInit } from 
'@angular/core';\nimport { CommonModule } from '@angular/common';\nimport { 
IonicModule } from '@ionic/angular';\nimport { RouterModule } from 
'@angular/router';\nimport { ThemeService } from 
'./services/theme.service';\n\n@Component({\n  selector: 'app-root',\n  
templateUrl: 'app.component.html',\n  styleUrls: ['app.component.scss'],\n  
standalone: true,\n  imports: [CommonModule, IonicModule, RouterModule],\n  
schemas: [CUSTOM_ELEMENTS_SCHEMA]\n})\nexport class AppComponent implements 
OnInit {\n\n  isDarkMode: boolean = false;\n\n  constructor(private 
themeService: ThemeService) {\n    this.isDarkMode = 
this.themeService.isDarkMode();\n  }\n\n  ngOnInit() {}\n\n  toggleDarkMode(): 
void {\n    this.themeService.toggle();\n    this.isDarkMode = 
this.themeService.isDarkMode();\n  }\n}
[7m [0m [91m                                                                
                                                            ~~~~~~~[0m


Error: [96msrc/app/app.component.ts[0m:[93m1[0m:[93m125[0m - 
[91merror[0m[90m TS2304: [0mCannot find name 'nimport'.

[7m1[0m import { Component, CUSTOM_ELEMENTS_SCHEMA, OnInit } from 
'@angular/core';\nimport { CommonModule } from '@angular/common';\nimport { 
IonicModule } from '@ionic/angular';\nimport { RouterModule } from 
'@angular/router';\nimport { ThemeService } from 
'./services/theme.service';\n\n@Component({\n  selector: 'app-root',\n  
templateUrl: 'app.component.html',\n  styleUrls: ['app.component.scss'],\n  
standalone: true,\n  imports: [CommonModule, IonicModule, RouterModule],\n  
schemas: [CUSTOM_ELEMENTS_SCHEMA]\n})\nexport class AppComponent implements 
OnInit {\n\n  isDarkMode: boolean = false;\n\n  constructor(private 
themeService: ThemeService) {\n    this.isDarkMode = 
this.themeService.isDarkMode();\n  }\n\n  ngOnInit() {}\n\n  toggleDarkMode(): 
void {\n    this.themeService.toggle();\n    this.isDarkMode = 
this.themeService.isDarkMode();\n  }\n}
[7m [0m [91m                                                                
                                                            ~~~~~~~[0m


Error: [96msrc/app/app.component.ts[0m:[93m1[0m:[93m135[0m - 
[91merror[0m[90m TS2304: [0mCannot find name 'IonicModule'.

[7m1[0m import { Component, CUSTOM_ELEMENTS_SCHEMA, OnInit } from 
'@angular/core';\nimport { CommonModule } from '@angular/common';\nimport { 
IonicModule } from '@ionic/angular';\nimport { RouterModule } from 
'@angular/router';\nimport { ThemeService } from 
'./services/theme.service';\n\n@Component({\n  selector: 'app-root',\n  
templateUrl: 'app.component.html',\n  styleUrls: ['app.component.scss'],\n  
standalone: true,\n  imports: [CommonModule, IonicModule, RouterModule],\n  
schemas: [CUSTOM_ELEMENTS_SCHEMA]\n})\nexport class AppComponent implements 
OnInit {\n\n  isDarkMode: boolean = false;\n\n  constructor(private 
themeService: ThemeService) {\n    this.isDarkMode = 
this.themeService.isDarkMode();\n  }\n\n  ngOnInit() {}\n\n  toggleDarkMode(): 
void {\n    this.themeService.toggle();\n    this.isDarkMode = 
this.themeService.isDarkMode();\n  }\n}
[7m [0m [91m                                                                
                                                                      
~~~~~~~~~~~[0m


Error: [96msrc/app/app.component.ts[0m:[93m1[0m:[93m149[0m - 
[91merror[0m[90m TS1434: [0mUnexpected keyword or identifier.

[7m1[0m import { Component, CUSTOM_ELEMENTS_SCHEMA, OnInit } from 
'@angular/core';\nimport { CommonModule } from '@angular/common';\nimport { 
IonicModule } from '@ionic/angular';\nimport { RouterModule } from 
'@angular/router';\nimport { ThemeService } from 
'./services/theme.service';\n\n@Component({\n  selector: 'app-root',\n  
templateUrl: 'app.component.html',\n  styleUrls: ['app.component.scss'],\n  
standalone: true,\n  imports: [CommonModule, IonicModule, RouterModule],\n  
schemas: [CUSTOM_ELEMENTS_SCHEMA]\n})\nexport class AppComponent implements 
OnInit {\n\n  isDarkMode: boolean = false;\n\n  constructor(private 
themeService: ThemeService) {\n    this.isDarkMode = 
this.themeService.isDarkMode();\n  }\n\n  ngOnInit() {}\n\n  toggleDarkMode(): 
void {\n    this.themeService.toggle();\n    this.isDarkMode = 
this.themeService.isDarkMode();\n  }\n}
[7m [0m [91m                                                                
                                                                               
     ~~~~[0m


Error: [96msrc/app/app.component.ts[0m:[93m1[0m:[93m149[0m - 
[91merror[0m[90m TS2304: [0mCannot find name 'from'.

[7m1[0m import { Component, CUSTOM_ELEMENTS_SCHEMA, OnInit } from 
'@angular/core';\nimport { CommonModule } from '@angular/common';\nimport { 
IonicModule } from '@ionic/angular';\nimport { RouterModule } from 
'@angular/router';\nimport { ThemeService } from 
'./services/theme.service';\n\n@Component({\n  selector: 'app-root',\n  
templateUrl: 'app.component.html',\n  styleUrls: ['app.component.scss'],\n  
standalone: true,\n  imports: [CommonModule, IonicModule, RouterModule],\n  
schemas: [CUSTOM_ELEMENTS_SCHEMA]\n})\nexport class AppComponent implements 
OnInit {\n\n  isDarkMode: boolean = false;\n\n  constructor(private 
themeService: ThemeService) {\n    this.isDarkMode = 
this.themeService.isDarkMode();\n  }\n\n  ngOnInit() {}\n\n  toggleDarkMode(): 
void {\n    this.themeService.toggle();\n    this.isDarkMode = 
this.themeService.isDarkMode();\n  }\n}
[7m [0m [91m                                                                
                                                                               
     ~~~~[0m


Error: [96msrc/app/app.component.ts[0m:[93m1[0m:[93m171[0m - 
[91merror[0m[90m TS1127: [0mInvalid character.

[7m1[0m import { Component, CUSTOM_ELEMENTS_SCHEMA, OnInit } from 
'@angular/core';\nimport { CommonModule } from '@angular/common';\nimport { 
IonicModule } from '@ionic/angular';\nimport { RouterModule } from 
'@angular/router';\nimport { ThemeService } from 
'./services/theme.service';\n\n@Component({\n  selector: 'app-root',\n  
templateUrl: 'app.component.html',\n  styleUrls: ['app.component.scss'],\n  
standalone: true,\n  imports: [CommonModule, IonicModule, RouterModule],\n  
schemas: [CUSTOM_ELEMENTS_SCHEMA]\n})\nexport class AppComponent implements 
OnInit {\n\n  isDarkMode: boolean = false;\n\n  constructor(private 
themeService: ThemeService) {\n    this.isDarkMode = 
this.themeService.isDarkMode();\n  }\n\n  ngOnInit() {}\n\n  toggleDarkMode(): 
void {\n    this.themeService.toggle();\n    this.isDarkMode = 
this.themeService.isDarkMode();\n  }\n}
[7m [0m [91m                                                                
                                                                               
                           [0m


Error: [96msrc/app/app.component.ts[0m:[93m1[0m:[93m172[0m - 
[91merror[0m[90m TS1435: [0mUnknown keyword or identifier. Did you mean 
'import'?
